/Volumes/Untitled/STM32CubeIDE/workspace/BLE_p2pServer/System/Interfaces/stm32_lpm_if.c:346:6:PWR_EnterSleepMode	0	static,ignoring_inline_asm
/Volumes/Untitled/STM32CubeIDE/workspace/BLE_p2pServer/System/Interfaces/stm32_lpm_if.c:360:6:PWR_ExitSleepMode	0	static
/Volumes/Untitled/STM32CubeIDE/workspace/BLE_p2pServer/System/Interfaces/stm32_lpm_if.c:172:13:Enter_Stop_Standby_Mode	8	static
/Volumes/Untitled/STM32CubeIDE/workspace/BLE_p2pServer/System/Interfaces/stm32_lpm_if.c:205:6:PWR_EnterOffMode	8	static,ignoring_inline_asm
/Volumes/Untitled/STM32CubeIDE/workspace/BLE_p2pServer/System/Interfaces/stm32_lpm_if.c:190:13:Exit_Stop_Standby_Mode	0	static
/Volumes/Untitled/STM32CubeIDE/workspace/BLE_p2pServer/System/Interfaces/stm32_lpm_if.c:242:6:PWR_ExitOffMode	32	static,ignoring_inline_asm
/Volumes/Untitled/STM32CubeIDE/workspace/BLE_p2pServer/System/Interfaces/stm32_lpm_if.c:328:6:PWR_ExitStopMode	8	static
/Volumes/Untitled/STM32CubeIDE/workspace/BLE_p2pServer/System/Interfaces/stm32_lpm_if.c:305:6:PWR_EnterStopMode	8	static,ignoring_inline_asm
/Volumes/Untitled/STM32CubeIDE/workspace/BLE_p2pServer/System/Interfaces/stm32_lpm_if.c:368:10:is_boot_from_standby	8	static,ignoring_inline_asm
/Volumes/Untitled/STM32CubeIDE/workspace/BLE_p2pServer/System/Interfaces/stm32_lpm_if.c:400:13:enter_standby_notification	0	static
/Volumes/Untitled/STM32CubeIDE/workspace/BLE_p2pServer/System/Interfaces/stm32_lpm_if.c:405:13:exit_standby_notification	0	static
