/Volumes/Untitled/STM32CubeIDE/workspace/BLE_p2pServer/System/Interfaces/timer_if.c:296:10:TIMER_IF_SetTimerContext	0	static
/Volumes/Untitled/STM32CubeIDE/workspace/BLE_p2pServer/System/Interfaces/timer_if.c:315:10:TIMER_IF_GetTimerContext	0	static
/Volumes/Untitled/STM32CubeIDE/workspace/BLE_p2pServer/System/Interfaces/timer_if.c:331:10:TIMER_IF_GetTimerElapsedTime	0	static
/Volumes/Untitled/STM32CubeIDE/workspace/BLE_p2pServer/System/Interfaces/timer_if.c:344:10:TIMER_IF_GetTimerValue	0	static
/Volumes/Untitled/STM32CubeIDE/workspace/BLE_p2pServer/System/Interfaces/timer_if.c:364:10:TIMER_IF_GetMinimumTimeout	0	static
/Volumes/Untitled/STM32CubeIDE/workspace/BLE_p2pServer/System/Interfaces/timer_if.c:377:10:TIMER_IF_Convert_ms2Tick	8	static
/Volumes/Untitled/STM32CubeIDE/workspace/BLE_p2pServer/System/Interfaces/timer_if.c:390:10:TIMER_IF_Convert_Tick2ms	0	static
/Volumes/Untitled/STM32CubeIDE/workspace/BLE_p2pServer/System/Interfaces/timer_if.c:271:21:TIMER_IF_StopTimer	8	static
/Volumes/Untitled/STM32CubeIDE/workspace/BLE_p2pServer/System/Interfaces/timer_if.c:487:6:TIMER_IF_BkUp_Write_Seconds	0	static
/Volumes/Untitled/STM32CubeIDE/workspace/BLE_p2pServer/System/Interfaces/timer_if.c:500:6:TIMER_IF_BkUp_Write_SubSeconds	0	static
/Volumes/Untitled/STM32CubeIDE/workspace/BLE_p2pServer/System/Interfaces/timer_if.c:231:21:TIMER_IF_StartTimer	56	static
/Volumes/Untitled/STM32CubeIDE/workspace/BLE_p2pServer/System/Interfaces/timer_if.c:454:10:TIMER_IF_GetTime	16	static
/Volumes/Untitled/STM32CubeIDE/workspace/BLE_p2pServer/System/Interfaces/timer_if.c:513:10:TIMER_IF_BkUp_Read_Seconds	0	static
/Volumes/Untitled/STM32CubeIDE/workspace/BLE_p2pServer/System/Interfaces/timer_if.c:526:10:TIMER_IF_BkUp_Read_SubSeconds	0	static
/Volumes/Untitled/STM32CubeIDE/workspace/BLE_p2pServer/System/Interfaces/timer_if.c:190:21:TIMER_IF_Init	16	static
/Volumes/Untitled/STM32CubeIDE/workspace/BLE_p2pServer/System/Interfaces/timer_if.c:403:6:TIMER_IF_DelayMs	8	static,ignoring_inline_asm
/Volumes/Untitled/STM32CubeIDE/workspace/BLE_p2pServer/System/Interfaces/timer_if.c:423:6:HAL_RTC_AlarmAEventCallback	0	static
/Volumes/Untitled/STM32CubeIDE/workspace/BLE_p2pServer/System/Interfaces/timer_if.c:436:6:HAL_RTCEx_SSRUEventCallback	8	static
