/Volumes/Untitled/STM32CubeIDE/workspace/BLE_p2pServer/STM32_WPAN/Target/linklayer_plat.c:59:6:LINKLAYER_PLAT_ClockInit	8	static
/Volumes/Untitled/STM32CubeIDE/workspace/BLE_p2pServer/STM32_WPAN/Target/linklayer_plat.c:68:6:LINKLAYER_PLAT_DelayUs	8	static,ignoring_inline_asm
/Volumes/Untitled/STM32CubeIDE/workspace/BLE_p2pServer/STM32_WPAN/Target/linklayer_plat.c:78:6:LINKLAYER_PLAT_Assert	0	static
/Volumes/Untitled/STM32CubeIDE/workspace/BLE_p2pServer/STM32_WPAN/Target/linklayer_plat.c:83:6:LINKLAYER_PLAT_HclkEnable	8	static
/Volumes/Untitled/STM32CubeIDE/workspace/BLE_p2pServer/STM32_WPAN/Target/linklayer_plat.c:88:6:LINKLAYER_PLAT_HclkDisable	0	static
/Volumes/Untitled/STM32CubeIDE/workspace/BLE_p2pServer/STM32_WPAN/Target/linklayer_plat.c:93:6:LINKLAYER_PLAT_WaitHclkRdy	8	static
/Volumes/Untitled/STM32CubeIDE/workspace/BLE_p2pServer/STM32_WPAN/Target/linklayer_plat.c:98:6:LINKLAYER_PLAT_AclkCtrl	8	static
/Volumes/Untitled/STM32CubeIDE/workspace/BLE_p2pServer/STM32_WPAN/Target/linklayer_plat.c:114:6:LINKLAYER_PLAT_GetRNG	0	static
/Volumes/Untitled/STM32CubeIDE/workspace/BLE_p2pServer/STM32_WPAN/Target/linklayer_plat.c:119:6:LINKLAYER_PLAT_SetupRadioIT	8	static
/Volumes/Untitled/STM32CubeIDE/workspace/BLE_p2pServer/STM32_WPAN/Target/linklayer_plat.c:126:6:LINKLAYER_PLAT_SetupSwLowIT	8	static
/Volumes/Untitled/STM32CubeIDE/workspace/BLE_p2pServer/STM32_WPAN/Target/linklayer_plat.c:134:6:LINKLAYER_PLAT_TriggerSwLowIT	8	static
/Volumes/Untitled/STM32CubeIDE/workspace/BLE_p2pServer/STM32_WPAN/Target/linklayer_plat.c:170:6:LINKLAYER_PLAT_EnableIRQ	0	static,ignoring_inline_asm
/Volumes/Untitled/STM32CubeIDE/workspace/BLE_p2pServer/STM32_WPAN/Target/linklayer_plat.c:180:6:LINKLAYER_PLAT_DisableIRQ	0	static,ignoring_inline_asm
/Volumes/Untitled/STM32CubeIDE/workspace/BLE_p2pServer/STM32_WPAN/Target/linklayer_plat.c:186:6:LINKLAYER_PLAT_EnableSpecificIRQ	8	static,ignoring_inline_asm
/Volumes/Untitled/STM32CubeIDE/workspace/BLE_p2pServer/STM32_WPAN/Target/linklayer_plat.c:217:6:LINKLAYER_PLAT_DisableSpecificIRQ	8	static,ignoring_inline_asm
/Volumes/Untitled/STM32CubeIDE/workspace/BLE_p2pServer/STM32_WPAN/Target/linklayer_plat.c:248:6:LINKLAYER_PLAT_EnableRadioIT	0	static
/Volumes/Untitled/STM32CubeIDE/workspace/BLE_p2pServer/STM32_WPAN/Target/linklayer_plat.c:253:6:LINKLAYER_PLAT_DisableRadioIT	0	static
/Volumes/Untitled/STM32CubeIDE/workspace/BLE_p2pServer/STM32_WPAN/Target/linklayer_plat.c:258:6:LINKLAYER_PLAT_StartRadioEvt	0	static
/Volumes/Untitled/STM32CubeIDE/workspace/BLE_p2pServer/STM32_WPAN/Target/linklayer_plat.c:265:6:LINKLAYER_PLAT_StopRadioEvt	0	static
/Volumes/Untitled/STM32CubeIDE/workspace/BLE_p2pServer/STM32_WPAN/Target/linklayer_plat.c:272:6:LINKLAYER_PLAT_RequestTemperature	0	static
