/Volumes/Untitled/STM32CubeIDE/workspace/BLE_p2pServer/Drivers/STM32WBAxx_HAL_Driver/Src/stm32wbaxx_hal_rng.c:341:13:HAL_RNG_MspInit	0	static
/Volumes/Untitled/STM32CubeIDE/workspace/BLE_p2pServer/Drivers/STM32WBAxx_HAL_Driver/Src/stm32wbaxx_hal_rng.c:154:19:HAL_RNG_Init	16	static
/Volumes/Untitled/STM32CubeIDE/workspace/BLE_p2pServer/Drivers/STM32WBAxx_HAL_Driver/Src/stm32wbaxx_hal_rng.c:356:13:HAL_RNG_MspDeInit	0	static
/Volumes/Untitled/STM32CubeIDE/workspace/BLE_p2pServer/Drivers/STM32WBAxx_HAL_Driver/Src/stm32wbaxx_hal_rng.c:267:19:HAL_RNG_DeInit	16	static
/Volumes/Untitled/STM32CubeIDE/workspace/BLE_p2pServer/Drivers/STM32WBAxx_HAL_Driver/Src/stm32wbaxx_hal_rng.c:705:19:HAL_RNG_GenerateRandomNumber_IT	0	static
/Volumes/Untitled/STM32CubeIDE/workspace/BLE_p2pServer/Drivers/STM32WBAxx_HAL_Driver/Src/stm32wbaxx_hal_rng.c:840:10:HAL_RNG_ReadLastRandomNumber	0	static
/Volumes/Untitled/STM32CubeIDE/workspace/BLE_p2pServer/Drivers/STM32WBAxx_HAL_Driver/Src/stm32wbaxx_hal_rng.c:857:13:HAL_RNG_ReadyDataCallback	0	static
/Volumes/Untitled/STM32CubeIDE/workspace/BLE_p2pServer/Drivers/STM32WBAxx_HAL_Driver/Src/stm32wbaxx_hal_rng.c:873:13:HAL_RNG_ErrorCallback	0	static
/Volumes/Untitled/STM32CubeIDE/workspace/BLE_p2pServer/Drivers/STM32WBAxx_HAL_Driver/Src/stm32wbaxx_hal_rng.c:754:6:HAL_RNG_IRQHandler	8	static
/Volumes/Untitled/STM32CubeIDE/workspace/BLE_p2pServer/Drivers/STM32WBAxx_HAL_Driver/Src/stm32wbaxx_hal_rng.c:907:22:HAL_RNG_GetState	0	static
/Volumes/Untitled/STM32CubeIDE/workspace/BLE_p2pServer/Drivers/STM32WBAxx_HAL_Driver/Src/stm32wbaxx_hal_rng.c:917:10:HAL_RNG_GetError	0	static
/Volumes/Untitled/STM32CubeIDE/workspace/BLE_p2pServer/Drivers/STM32WBAxx_HAL_Driver/Src/stm32wbaxx_hal_rng.c:939:19:RNG_RecoverSeedError	16	static
/Volumes/Untitled/STM32CubeIDE/workspace/BLE_p2pServer/Drivers/STM32WBAxx_HAL_Driver/Src/stm32wbaxx_hal_rng.c:623:19:HAL_RNG_GenerateRandomNumber	24	static
