/Volumes/Untitled/STM32CubeIDE/workspace/BLE_p2pServer/Drivers/STM32WBAxx_HAL_Driver/Src/stm32wbaxx_hal_flash_ex.c:330:19:HAL_FLASHEx_OBProgram	32	static
/Volumes/Untitled/STM32CubeIDE/workspace/BLE_p2pServer/Drivers/STM32WBAxx_HAL_Driver/Src/stm32wbaxx_hal_flash_ex.c:424:6:HAL_FLASHEx_OBGetConfig	0	static
/Volumes/Untitled/STM32CubeIDE/workspace/BLE_p2pServer/Drivers/STM32WBAxx_HAL_Driver/Src/stm32wbaxx_hal_flash_ex.c:483:19:HAL_FLASHEx_ConfigBBAttributes	16	static,ignoring_inline_asm
/Volumes/Untitled/STM32CubeIDE/workspace/BLE_p2pServer/Drivers/STM32WBAxx_HAL_Driver/Src/stm32wbaxx_hal_flash_ex.c:540:6:HAL_FLASHEx_GetConfigBBAttributes	8	static
/Volumes/Untitled/STM32CubeIDE/workspace/BLE_p2pServer/Drivers/STM32WBAxx_HAL_Driver/Src/stm32wbaxx_hal_flash_ex.c:612:6:HAL_FLASHEx_SuspendOperation	8	static
/Volumes/Untitled/STM32CubeIDE/workspace/BLE_p2pServer/Drivers/STM32WBAxx_HAL_Driver/Src/stm32wbaxx_hal_flash_ex.c:630:6:HAL_FLASHEx_AllowOperation	8	static
/Volumes/Untitled/STM32CubeIDE/workspace/BLE_p2pServer/Drivers/STM32WBAxx_HAL_Driver/Src/stm32wbaxx_hal_flash_ex.c:650:10:HAL_FLASHEx_IsOperationSuspended	0	static
/Volumes/Untitled/STM32CubeIDE/workspace/BLE_p2pServer/Drivers/STM32WBAxx_HAL_Driver/Src/stm32wbaxx_hal_flash_ex.c:672:6:HAL_FLASHEx_ConfigPrivMode	8	static
/Volumes/Untitled/STM32CubeIDE/workspace/BLE_p2pServer/Drivers/STM32WBAxx_HAL_Driver/Src/stm32wbaxx_hal_flash_ex.c:690:10:HAL_FLASHEx_GetPrivMode	0	static
/Volumes/Untitled/STM32CubeIDE/workspace/BLE_p2pServer/Drivers/STM32WBAxx_HAL_Driver/Src/stm32wbaxx_hal_flash_ex.c:749:19:HAL_FLASHEx_EnablePowerDown	16	static
/Volumes/Untitled/STM32CubeIDE/workspace/BLE_p2pServer/Drivers/STM32WBAxx_HAL_Driver/Src/stm32wbaxx_hal_flash_ex.c:797:19:HAL_FLASHEx_ConfigLowPowerRead	8	static
/Volumes/Untitled/STM32CubeIDE/workspace/BLE_p2pServer/Drivers/STM32WBAxx_HAL_Driver/Src/stm32wbaxx_hal_flash_ex.c:824:10:HAL_FLASHEx_GetLowPowerRead	0	static
/Volumes/Untitled/STM32CubeIDE/workspace/BLE_p2pServer/Drivers/STM32WBAxx_HAL_Driver/Src/stm32wbaxx_hal_flash_ex.c:837:6:HAL_FLASHEx_GetOperation	0	static
/Volumes/Untitled/STM32CubeIDE/workspace/BLE_p2pServer/Drivers/STM32WBAxx_HAL_Driver/Src/stm32wbaxx_hal_flash_ex.c:889:6:FLASH_PageErase	8	static
/Volumes/Untitled/STM32CubeIDE/workspace/BLE_p2pServer/Drivers/STM32WBAxx_HAL_Driver/Src/stm32wbaxx_hal_flash_ex.c:181:19:HAL_FLASHEx_Erase	24	static
/Volumes/Untitled/STM32CubeIDE/workspace/BLE_p2pServer/Drivers/STM32WBAxx_HAL_Driver/Src/stm32wbaxx_hal_flash_ex.c:260:19:HAL_FLASHEx_Erase_IT	24	static
