/Volumes/Untitled/STM32CubeIDE/workspace/BLE_p2pServer/Drivers/STM32WBAxx_HAL_Driver/Src/stm32wbaxx_hal_pwr_ex.c:215:19:HAL_PWREx_ControlVoltageScaling	8	static
/Volumes/Untitled/STM32CubeIDE/workspace/BLE_p2pServer/Drivers/STM32WBAxx_HAL_Driver/Src/stm32wbaxx_hal_pwr_ex.c:268:10:HAL_PWREx_GetVoltageRange	0	static
/Volumes/Untitled/STM32CubeIDE/workspace/BLE_p2pServer/Drivers/STM32WBAxx_HAL_Driver/Src/stm32wbaxx_hal_pwr_ex.c:361:6:HAL_PWREx_EnableFastSoftStart	0	static
/Volumes/Untitled/STM32CubeIDE/workspace/BLE_p2pServer/Drivers/STM32WBAxx_HAL_Driver/Src/stm32wbaxx_hal_pwr_ex.c:370:6:HAL_PWREx_DisableFastSoftStart	0	static
/Volumes/Untitled/STM32CubeIDE/workspace/BLE_p2pServer/Drivers/STM32WBAxx_HAL_Driver/Src/stm32wbaxx_hal_pwr_ex.c:393:6:HAL_PWREx_EnableUltraLowPowerMode	0	static
/Volumes/Untitled/STM32CubeIDE/workspace/BLE_p2pServer/Drivers/STM32WBAxx_HAL_Driver/Src/stm32wbaxx_hal_pwr_ex.c:402:6:HAL_PWREx_DisableUltraLowPowerMode	0	static
/Volumes/Untitled/STM32CubeIDE/workspace/BLE_p2pServer/Drivers/STM32WBAxx_HAL_Driver/Src/stm32wbaxx_hal_pwr_ex.c:450:6:HAL_PWREx_EnableSRAM1ContentStandbyRetention	8	static
/Volumes/Untitled/STM32CubeIDE/workspace/BLE_p2pServer/Drivers/STM32WBAxx_HAL_Driver/Src/stm32wbaxx_hal_pwr_ex.c:465:6:HAL_PWREx_DisableSRAM1ContentStandbyRetention	0	static
/Volumes/Untitled/STM32CubeIDE/workspace/BLE_p2pServer/Drivers/STM32WBAxx_HAL_Driver/Src/stm32wbaxx_hal_pwr_ex.c:481:6:HAL_PWREx_EnableSRAM2ContentStandbyRetention	8	static
/Volumes/Untitled/STM32CubeIDE/workspace/BLE_p2pServer/Drivers/STM32WBAxx_HAL_Driver/Src/stm32wbaxx_hal_pwr_ex.c:496:6:HAL_PWREx_DisableSRAM2ContentStandbyRetention	0	static
/Volumes/Untitled/STM32CubeIDE/workspace/BLE_p2pServer/Drivers/STM32WBAxx_HAL_Driver/Src/stm32wbaxx_hal_pwr_ex.c:512:6:HAL_PWREx_EnableRadioSRAMClockStandbyRetention	8	static
/Volumes/Untitled/STM32CubeIDE/workspace/BLE_p2pServer/Drivers/STM32WBAxx_HAL_Driver/Src/stm32wbaxx_hal_pwr_ex.c:527:6:HAL_PWREx_DisableRadioSRAMClockStandbyRetention	0	static
/Volumes/Untitled/STM32CubeIDE/workspace/BLE_p2pServer/Drivers/STM32WBAxx_HAL_Driver/Src/stm32wbaxx_hal_pwr_ex.c:547:6:HAL_PWREx_EnableRAMsContentStopRetention	8	static
/Volumes/Untitled/STM32CubeIDE/workspace/BLE_p2pServer/Drivers/STM32WBAxx_HAL_Driver/Src/stm32wbaxx_hal_pwr_ex.c:568:6:HAL_PWREx_DisableRAMsContentStopRetention	8	static
/Volumes/Untitled/STM32CubeIDE/workspace/BLE_p2pServer/Drivers/STM32WBAxx_HAL_Driver/Src/stm32wbaxx_hal_pwr_ex.c:586:6:HAL_PWREx_EnableFlashFastWakeUp	0	static
/Volumes/Untitled/STM32CubeIDE/workspace/BLE_p2pServer/Drivers/STM32WBAxx_HAL_Driver/Src/stm32wbaxx_hal_pwr_ex.c:600:6:HAL_PWREx_DisableFlashFastWakeUp	0	static
/Volumes/Untitled/STM32CubeIDE/workspace/BLE_p2pServer/Drivers/STM32WBAxx_HAL_Driver/Src/stm32wbaxx_hal_pwr_ex.c:649:19:HAL_PWREx_EnableStandbyIORetention	16	static
/Volumes/Untitled/STM32CubeIDE/workspace/BLE_p2pServer/Drivers/STM32WBAxx_HAL_Driver/Src/stm32wbaxx_hal_pwr_ex.c:729:19:HAL_PWREx_DisableStandbyIORetention	16	static
/Volumes/Untitled/STM32CubeIDE/workspace/BLE_p2pServer/Drivers/STM32WBAxx_HAL_Driver/Src/stm32wbaxx_hal_pwr_ex.c:806:10:HAL_PWREx_GetStandbyIORetentionStatus	8	static
/Volumes/Untitled/STM32CubeIDE/workspace/BLE_p2pServer/Drivers/STM32WBAxx_HAL_Driver/Src/stm32wbaxx_hal_pwr_ex.c:848:19:HAL_PWREx_DisableStandbyRetainedIOState	16	static
/Volumes/Untitled/STM32CubeIDE/workspace/BLE_p2pServer/Drivers/STM32WBAxx_HAL_Driver/Src/stm32wbaxx_hal_pwr_ex.c:939:11:HAL_PWREx_GetRADIOOperatingMode	0	static
/Volumes/Untitled/STM32CubeIDE/workspace/BLE_p2pServer/Drivers/STM32WBAxx_HAL_Driver/Src/stm32wbaxx_hal_pwr_ex.c:959:11:HAL_PWREx_GetRADIOPHYOperatingMode	0	static
/Volumes/Untitled/STM32CubeIDE/workspace/BLE_p2pServer/Drivers/STM32WBAxx_HAL_Driver/Src/stm32wbaxx_hal_pwr_ex.c:971:11:HAL_PWREx_GetRADIOEncryptionOperatingMode	0	static
/Volumes/Untitled/STM32CubeIDE/workspace/BLE_p2pServer/Drivers/STM32WBAxx_HAL_Driver/Src/stm32wbaxx_hal_pwr_ex.c:983:11:HAL_PWREx_GetRFVDDHPA	0	static
