/Volumes/Untitled/STM32CubeIDE/workspace/BLE_p2pServer/Drivers/STM32WBAxx_HAL_Driver/Src/stm32wbaxx_hal_exti.c:139:19:HAL_EXTI_SetConfigLine	24	static
/Volumes/Untitled/STM32CubeIDE/workspace/BLE_p2pServer/Drivers/STM32WBAxx_HAL_Driver/Src/stm32wbaxx_hal_exti.c:261:19:HAL_EXTI_GetConfigLine	24	static
/Volumes/Untitled/STM32CubeIDE/workspace/BLE_p2pServer/Drivers/STM32WBAxx_HAL_Driver/Src/stm32wbaxx_hal_exti.c:365:19:HAL_EXTI_ClearConfigLine	24	static
/Volumes/Untitled/STM32CubeIDE/workspace/BLE_p2pServer/Drivers/STM32WBAxx_HAL_Driver/Src/stm32wbaxx_hal_exti.c:431:19:HAL_EXTI_RegisterCallback	0	static
/Volumes/Untitled/STM32CubeIDE/workspace/BLE_p2pServer/Drivers/STM32WBAxx_HAL_Driver/Src/stm32wbaxx_hal_exti.c:466:19:HAL_EXTI_GetHandle	16	static
/Volumes/Untitled/STM32CubeIDE/workspace/BLE_p2pServer/Drivers/STM32WBAxx_HAL_Driver/Src/stm32wbaxx_hal_exti.c:506:6:HAL_EXTI_IRQHandler	16	static
/Volumes/Untitled/STM32CubeIDE/workspace/BLE_p2pServer/Drivers/STM32WBAxx_HAL_Driver/Src/stm32wbaxx_hal_exti.c:560:10:HAL_EXTI_GetPending	16	static
/Volumes/Untitled/STM32CubeIDE/workspace/BLE_p2pServer/Drivers/STM32WBAxx_HAL_Driver/Src/stm32wbaxx_hal_exti.c:604:6:HAL_EXTI_ClearPending	16	static
/Volumes/Untitled/STM32CubeIDE/workspace/BLE_p2pServer/Drivers/STM32WBAxx_HAL_Driver/Src/stm32wbaxx_hal_exti.c:640:6:HAL_EXTI_GenerateSWI	8	static
/Volumes/Untitled/STM32CubeIDE/workspace/BLE_p2pServer/Drivers/STM32WBAxx_HAL_Driver/Src/stm32wbaxx_hal_exti.c:692:6:HAL_EXTI_ConfigLineAttributes	16	static
/Volumes/Untitled/STM32CubeIDE/workspace/BLE_p2pServer/Drivers/STM32WBAxx_HAL_Driver/Src/stm32wbaxx_hal_exti.c:765:19:HAL_EXTI_GetConfigLineAttributes	16	static
