/Volumes/Untitled/STM32CubeIDE/workspace/BLE_p2pServer/System/Modules/Flash/rf_timing_synchro.c:190:13:RFTS_Timeout_Callback	8	static,ignoring_inline_asm
/Volumes/Untitled/STM32CubeIDE/workspace/BLE_p2pServer/System/Modules/Flash/rf_timing_synchro.c:200:17:event_started_callback	8	static
/Volumes/Untitled/STM32CubeIDE/workspace/BLE_p2pServer/System/Modules/Flash/rf_timing_synchro.c:72:19:RFTS_ReqWindow	80	static,ignoring_inline_asm
/Volumes/Untitled/STM32CubeIDE/workspace/BLE_p2pServer/System/Modules/Flash/rf_timing_synchro.c:139:19:RFTS_RelWindow	8	static,ignoring_inline_asm
