/Volumes/Untitled/STM32CubeIDE/workspace/BLE_p2pServer/System/Modules/Flash/simple_nvm_arbiter.c:1675:6:InvokeBufferCallback	40	static,ignoring_inline_asm
/Volumes/Untitled/STM32CubeIDE/workspace/BLE_p2pServer/System/Modules/Flash/simple_nvm_arbiter.c:1488:9:IsCrcOk	24	static
/Volumes/Untitled/STM32CubeIDE/workspace/BLE_p2pServer/System/Modules/Flash/simple_nvm_arbiter.c:1571:9:EraseSector	24	static
/Volumes/Untitled/STM32CubeIDE/workspace/BLE_p2pServer/System/Modules/Flash/simple_nvm_arbiter.c:1604:17:StartFlashWrite	24	static,ignoring_inline_asm
/Volumes/Untitled/STM32CubeIDE/workspace/BLE_p2pServer/System/Modules/Flash/simple_nvm_arbiter.c:1433:9:IsHeaderOk	12	static
/Volumes/Untitled/STM32CubeIDE/workspace/BLE_p2pServer/System/Modules/Flash/simple_nvm_arbiter.c:747:6:SNVMA_FlashManagerCallback	24	static,ignoring_inline_asm
/Volumes/Untitled/STM32CubeIDE/workspace/BLE_p2pServer/System/Modules/Flash/simple_nvm_arbiter.c:235:20:SNVMA_Init	56	static,ignoring_inline_asm
/Volumes/Untitled/STM32CubeIDE/workspace/BLE_p2pServer/System/Modules/Flash/simple_nvm_arbiter.c:410:20:SNVMA_Register	24	static,ignoring_inline_asm
/Volumes/Untitled/STM32CubeIDE/workspace/BLE_p2pServer/System/Modules/Flash/simple_nvm_arbiter.c:519:20:SNVMA_Restore	32	static,ignoring_inline_asm
/Volumes/Untitled/STM32CubeIDE/workspace/BLE_p2pServer/System/Modules/Flash/simple_nvm_arbiter.c:639:20:SNVMA_Write	24	static,ignoring_inline_asm
