/Volumes/Untitled/STM32CubeIDE/workspace/BLE_p2pServer/STM32_WPAN/App/app_ble.c:1418:13:Switch_OFF_GPIO	0	static
/Volumes/Untitled/STM32CubeIDE/workspace/BLE_p2pServer/STM32_WPAN/App/app_ble.c:1412:13:Adv_Cancel_Req	0	static
/Volumes/Untitled/STM32CubeIDE/workspace/BLE_p2pServer/STM32_WPAN/App/app_ble.c:1288:13:Ble_UserEvtRx	16	static
/Volumes/Untitled/STM32CubeIDE/workspace/BLE_p2pServer/STM32_WPAN/App/app_ble.c:1364:13:BleStack_Process_BG	8	static
/Volumes/Untitled/STM32CubeIDE/workspace/BLE_p2pServer/STM32_WPAN/App/app_ble.c:1389:13:BLE_ResumeFlowProcessCallback	0	static
/Volumes/Untitled/STM32CubeIDE/workspace/BLE_p2pServer/STM32_WPAN/App/app_ble.c:1400:13:BLE_NvmCallback	0	static
/Volumes/Untitled/STM32CubeIDE/workspace/BLE_p2pServer/STM32_WPAN/App/app_ble.c:697:22:APP_BLE_Get_Server_Connection_Status	0	static
/Volumes/Untitled/STM32CubeIDE/workspace/BLE_p2pServer/STM32_WPAN/App/app_ble.c:702:6:APP_BLE_Procedure_Gap_General	32	static
/Volumes/Untitled/STM32CubeIDE/workspace/BLE_p2pServer/STM32_WPAN/App/app_ble.c:787:6:APP_BLE_Procedure_Gap_Peripheral	48	static
/Volumes/Untitled/STM32CubeIDE/workspace/BLE_p2pServer/STM32_WPAN/App/app_ble.c:267:6:APP_BLE_Init	80	static
/Volumes/Untitled/STM32CubeIDE/workspace/BLE_p2pServer/STM32_WPAN/App/app_ble.c:1424:13:Adv_Cancel	8	static
/Volumes/Untitled/STM32CubeIDE/workspace/BLE_p2pServer/STM32_WPAN/App/app_ble.c:373:28:SVCCTL_App_Notification	40	static
/Volumes/Untitled/STM32CubeIDE/workspace/BLE_p2pServer/STM32_WPAN/App/app_ble.c:947:6:APP_BLE_Key_Button1_Action	8	static
/Volumes/Untitled/STM32CubeIDE/workspace/BLE_p2pServer/STM32_WPAN/App/app_ble.c:962:6:APP_BLE_Key_Button2_Action	16	static
/Volumes/Untitled/STM32CubeIDE/workspace/BLE_p2pServer/STM32_WPAN/App/app_ble.c:988:6:APP_BLE_Key_Button3_Action	0	static
/Volumes/Untitled/STM32CubeIDE/workspace/BLE_p2pServer/STM32_WPAN/App/app_ble.c:1511:9:BLECB_Indication	32	static
/Volumes/Untitled/STM32CubeIDE/workspace/BLE_p2pServer/STM32_WPAN/App/app_ble.c:1551:6:NVMCB_Store	0	static
