/Volumes/Untitled/STM32CubeIDE/workspace/BLE_p2pServer/STM32_WPAN/App/p2p_server_app.c:220:6:P2P_SERVER_APP_LED_BUTTON_context_Init	8	static
/Volumes/Untitled/STM32CubeIDE/workspace/BLE_p2pServer/STM32_WPAN/App/p2p_server_app.c:237:13:P2P_SERVER_Switch_c_SendNotification	16	static
/Volumes/Untitled/STM32CubeIDE/workspace/BLE_p2pServer/STM32_WPAN/App/p2p_server_app.c:103:6:P2P_SERVER_Notification	16	static
/Volumes/Untitled/STM32CubeIDE/workspace/BLE_p2pServer/STM32_WPAN/App/p2p_server_app.c:165:6:P2P_SERVER_APP_EvtRx	0	static
/Volumes/Untitled/STM32CubeIDE/workspace/BLE_p2pServer/STM32_WPAN/App/p2p_server_app.c:202:6:P2P_SERVER_APP_Init	8	static
