/Volumes/Untitled/STM32CubeIDE/workspace/BLE_p2pServer/Core/Src/app_entry.c:491:13:RxCpltCallback	24	static
/Volumes/Untitled/STM32CubeIDE/workspace/BLE_p2pServer/Core/Src/app_entry.c:322:13:AMM_WrapperFree	0	static
/Volumes/Untitled/STM32CubeIDE/workspace/BLE_p2pServer/Core/Src/app_entry.c:317:19:AMM_WrapperAllocate	0	static
/Volumes/Untitled/STM32CubeIDE/workspace/BLE_p2pServer/Core/Src/app_entry.c:312:13:AMM_WrapperInit	0	static
/Volumes/Untitled/STM32CubeIDE/workspace/BLE_p2pServer/Core/Src/app_entry.c:161:6:MX_APPE_Config	16	static
/Volumes/Untitled/STM32CubeIDE/workspace/BLE_p2pServer/Core/Src/app_entry.c:167:10:MX_APPE_Init	8	static
/Volumes/Untitled/STM32CubeIDE/workspace/BLE_p2pServer/Core/Src/app_entry.c:360:6:MX_APPE_Process	0	static
/Volumes/Untitled/STM32CubeIDE/workspace/BLE_p2pServer/Core/Src/app_entry.c:371:6:UTIL_SEQ_Idle	0	static
/Volumes/Untitled/STM32CubeIDE/workspace/BLE_p2pServer/Core/Src/app_entry.c:381:6:UTIL_SEQ_PreIdle	0	static
/Volumes/Untitled/STM32CubeIDE/workspace/BLE_p2pServer/Core/Src/app_entry.c:403:6:UTIL_SEQ_PostIdle	0	static
/Volumes/Untitled/STM32CubeIDE/workspace/BLE_p2pServer/Core/Src/app_entry.c:412:6:BPKACB_Process	0	static
/Volumes/Untitled/STM32CubeIDE/workspace/BLE_p2pServer/Core/Src/app_entry.c:417:6:HWCB_RNG_Process	0	static
/Volumes/Untitled/STM32CubeIDE/workspace/BLE_p2pServer/Core/Src/app_entry.c:422:6:AMM_RegisterBasicMemoryManager	0	static
/Volumes/Untitled/STM32CubeIDE/workspace/BLE_p2pServer/Core/Src/app_entry.c:430:6:AMM_ProcessRequest	0	static
/Volumes/Untitled/STM32CubeIDE/workspace/BLE_p2pServer/Core/Src/app_entry.c:436:6:FM_ProcessRequest	0	static
/Volumes/Untitled/STM32CubeIDE/workspace/BLE_p2pServer/Core/Src/app_entry.c:443:6:BSP_PB_Callback	0	static
/Volumes/Untitled/STM32CubeIDE/workspace/BLE_p2pServer/Core/Src/app_entry.c:463:6:HAL_GPIO_EXTI_Rising_Callback	0	static
/Volumes/Untitled/STM32CubeIDE/workspace/BLE_p2pServer/Core/Src/app_entry.c:481:6:HAL_GPIO_EXTI_Falling_Callback	0	static
/Volumes/Untitled/STM32CubeIDE/workspace/BLE_p2pServer/Core/Src/app_entry.c:544:6:RNG_KERNEL_CLK_OFF	0	static
