/Volumes/Untitled/STM32CubeIDE/workspace/BLE_p2pServer/Core/Src/main.c:138:6:SystemClock_Config	112	static,ignoring_inline_asm
/Volumes/Untitled/STM32CubeIDE/workspace/BLE_p2pServer/Core/Src/main.c:193:6:PeriphCommonClock_Config	72	static,ignoring_inline_asm
/Volumes/Untitled/STM32CubeIDE/workspace/BLE_p2pServer/Core/Src/main.c:272:6:MX_CRC_Init	8	static,ignoring_inline_asm
/Volumes/Untitled/STM32CubeIDE/workspace/BLE_p2pServer/Core/Src/main.c:335:6:MX_ICACHE_Init	8	static,ignoring_inline_asm
/Volumes/Untitled/STM32CubeIDE/workspace/BLE_p2pServer/Core/Src/main.c:368:6:MX_RAMCFG_Init	8	static,ignoring_inline_asm
/Volumes/Untitled/STM32CubeIDE/workspace/BLE_p2pServer/Core/Src/main.c:397:6:MX_RNG_Init	8	static,ignoring_inline_asm
/Volumes/Untitled/STM32CubeIDE/workspace/BLE_p2pServer/Core/Src/main.c:427:6:MX_RTC_Init	96	static,ignoring_inline_asm
/Volumes/Untitled/STM32CubeIDE/workspace/BLE_p2pServer/Core/Src/main.c:497:6:MX_USART1_UART_Init	8	static,ignoring_inline_asm
/Volumes/Untitled/STM32CubeIDE/workspace/BLE_p2pServer/Core/Src/main.c:545:6:MX_GPIO_Init	48	static
/Volumes/Untitled/STM32CubeIDE/workspace/BLE_p2pServer/Core/Src/main.c:79:5:main	24	static,ignoring_inline_asm
/Volumes/Untitled/STM32CubeIDE/workspace/BLE_p2pServer/Core/Src/main.c:604:6:Error_Handler	0	static,ignoring_inline_asm
/Volumes/Untitled/STM32CubeIDE/workspace/BLE_p2pServer/Core/Src/main.c:623:6:assert_failed	0	static,ignoring_inline_asm
