/Volumes/Untitled/STM32CubeIDE/workspace/BLE_p2pServer/Core/Src/main.c:186:6:SystemClock_Config	112	static,ignoring_inline_asm
/Volumes/Untitled/STM32CubeIDE/workspace/BLE_p2pServer/Core/Src/main.c:238:6:PeriphCommonClock_Config	72	static,ignoring_inline_asm
/Volumes/Untitled/STM32CubeIDE/workspace/BLE_p2pServer/Core/Src/main.c:312:6:MX_CRC_Init	8	static,ignoring_inline_asm
/Volumes/Untitled/STM32CubeIDE/workspace/BLE_p2pServer/Core/Src/main.c:372:6:MX_ICACHE_Init	8	static,ignoring_inline_asm
/Volumes/Untitled/STM32CubeIDE/workspace/BLE_p2pServer/Core/Src/main.c:402:6:MX_RAMCFG_Init	8	static,ignoring_inline_asm
/Volumes/Untitled/STM32CubeIDE/workspace/BLE_p2pServer/Core/Src/main.c:429:6:MX_RNG_Init	8	static,ignoring_inline_asm
/Volumes/Untitled/STM32CubeIDE/workspace/BLE_p2pServer/Core/Src/main.c:457:6:MX_RTC_Init	96	static,ignoring_inline_asm
/Volumes/Untitled/STM32CubeIDE/workspace/BLE_p2pServer/Core/Src/main.c:569:6:MX_USART1_UART_Init	8	static,ignoring_inline_asm
/Volumes/Untitled/STM32CubeIDE/workspace/BLE_p2pServer/Core/Src/main.c:614:6:MX_GPIO_Init	48	static
/Volumes/Untitled/STM32CubeIDE/workspace/BLE_p2pServer/Core/Src/main.c:671:6:UserButton_Callback	12	static
/Volumes/Untitled/STM32CubeIDE/workspace/BLE_p2pServer/Core/Src/main.c:111:5:main	56	static,ignoring_inline_asm
/Volumes/Untitled/STM32CubeIDE/workspace/BLE_p2pServer/Core/Src/main.c:691:6:TimerCaptureCompare_Ch2_Callback	12	static
/Volumes/Untitled/STM32CubeIDE/workspace/BLE_p2pServer/Core/Src/main.c:717:6:Error_Handler	0	static,ignoring_inline_asm
/Volumes/Untitled/STM32CubeIDE/workspace/BLE_p2pServer/Core/Src/main.c:734:6:assert_failed	0	static,ignoring_inline_asm
