/Volumes/Untitled/STM32CubeIDE/workspace/BLE_p2pServer/Core/Src/main.c:221:6:SystemClock_Config	112	static,ignoring_inline_asm
/Volumes/Untitled/STM32CubeIDE/workspace/BLE_p2pServer/Core/Src/main.c:273:6:PeriphCommonClock_Config	72	static,ignoring_inline_asm
/Volumes/Untitled/STM32CubeIDE/workspace/BLE_p2pServer/Core/Src/main.c:347:6:MX_CRC_Init	8	static,ignoring_inline_asm
/Volumes/Untitled/STM32CubeIDE/workspace/BLE_p2pServer/Core/Src/main.c:407:6:MX_ICACHE_Init	8	static,ignoring_inline_asm
/Volumes/Untitled/STM32CubeIDE/workspace/BLE_p2pServer/Core/Src/main.c:437:6:MX_RAMCFG_Init	8	static,ignoring_inline_asm
/Volumes/Untitled/STM32CubeIDE/workspace/BLE_p2pServer/Core/Src/main.c:464:6:MX_RNG_Init	8	static,ignoring_inline_asm
/Volumes/Untitled/STM32CubeIDE/workspace/BLE_p2pServer/Core/Src/main.c:492:6:MX_RTC_Init	96	static,ignoring_inline_asm
/Volumes/Untitled/STM32CubeIDE/workspace/BLE_p2pServer/Core/Src/main.c:604:6:MX_USART1_UART_Init	8	static,ignoring_inline_asm
/Volumes/Untitled/STM32CubeIDE/workspace/BLE_p2pServer/Core/Src/main.c:649:6:MX_GPIO_Init	48	static
/Volumes/Untitled/STM32CubeIDE/workspace/BLE_p2pServer/Core/Src/main.c:721:6:UserButton_Callback	0	static
/Volumes/Untitled/STM32CubeIDE/workspace/BLE_p2pServer/Core/Src/main.c:124:5:main	56	static,ignoring_inline_asm
/Volumes/Untitled/STM32CubeIDE/workspace/BLE_p2pServer/Core/Src/main.c:736:6:TimerCaptureCompare_Ch2_Callback	12	static
/Volumes/Untitled/STM32CubeIDE/workspace/BLE_p2pServer/Core/Src/main.c:758:6:Error_Handler	0	static,ignoring_inline_asm
/Volumes/Untitled/STM32CubeIDE/workspace/BLE_p2pServer/Core/Src/main.c:775:6:assert_failed	0	static,ignoring_inline_asm
