/Volumes/Untitled/STM32CubeIDE/workspace/BLE_p2pServer/Core/Src/main.c:215:6:SystemClock_Config	112	static,ignoring_inline_asm
/Volumes/Untitled/STM32CubeIDE/workspace/BLE_p2pServer/Core/Src/main.c:267:6:PeriphCommonClock_Config	72	static,ignoring_inline_asm
/Volumes/Untitled/STM32CubeIDE/workspace/BLE_p2pServer/Core/Src/main.c:341:6:MX_CRC_Init	8	static,ignoring_inline_asm
/Volumes/Untitled/STM32CubeIDE/workspace/BLE_p2pServer/Core/Src/main.c:401:6:MX_ICACHE_Init	8	static,ignoring_inline_asm
/Volumes/Untitled/STM32CubeIDE/workspace/BLE_p2pServer/Core/Src/main.c:431:6:MX_RAMCFG_Init	8	static,ignoring_inline_asm
/Volumes/Untitled/STM32CubeIDE/workspace/BLE_p2pServer/Core/Src/main.c:458:6:MX_RNG_Init	8	static,ignoring_inline_asm
/Volumes/Untitled/STM32CubeIDE/workspace/BLE_p2pServer/Core/Src/main.c:486:6:MX_RTC_Init	96	static,ignoring_inline_asm
/Volumes/Untitled/STM32CubeIDE/workspace/BLE_p2pServer/Core/Src/main.c:598:6:MX_USART1_UART_Init	8	static,ignoring_inline_asm
/Volumes/Untitled/STM32CubeIDE/workspace/BLE_p2pServer/Core/Src/main.c:643:6:MX_GPIO_Init	48	static
/Volumes/Untitled/STM32CubeIDE/workspace/BLE_p2pServer/Core/Src/main.c:700:6:UserButton_Callback	12	static
/Volumes/Untitled/STM32CubeIDE/workspace/BLE_p2pServer/Core/Src/main.c:118:5:main	56	static,ignoring_inline_asm
/Volumes/Untitled/STM32CubeIDE/workspace/BLE_p2pServer/Core/Src/main.c:722:6:TimerCaptureCompare_Ch2_Callback	12	static
/Volumes/Untitled/STM32CubeIDE/workspace/BLE_p2pServer/Core/Src/main.c:744:6:Error_Handler	0	static,ignoring_inline_asm
/Volumes/Untitled/STM32CubeIDE/workspace/BLE_p2pServer/Core/Src/main.c:761:6:assert_failed	0	static,ignoring_inline_asm
