/Volumes/Untitled/STM32CubeIDE/workspace/BLE_p2pServer/Core/Src/stm32wbaxx_hal_msp.c:68:6:HAL_MspInit	16	static
/Volumes/Untitled/STM32CubeIDE/workspace/BLE_p2pServer/Core/Src/stm32wbaxx_hal_msp.c:97:6:HAL_ADC_MspInit	80	static
/Volumes/Untitled/STM32CubeIDE/workspace/BLE_p2pServer/Core/Src/stm32wbaxx_hal_msp.c:130:6:HAL_ADC_MspDeInit	0	static
/Volumes/Untitled/STM32CubeIDE/workspace/BLE_p2pServer/Core/Src/stm32wbaxx_hal_msp.c:152:6:HAL_CRC_MspInit	8	static
/Volumes/Untitled/STM32CubeIDE/workspace/BLE_p2pServer/Core/Src/stm32wbaxx_hal_msp.c:174:6:HAL_CRC_MspDeInit	0	static
/Volumes/Untitled/STM32CubeIDE/workspace/BLE_p2pServer/Core/Src/stm32wbaxx_hal_msp.c:196:6:HAL_RAMCFG_MspInit	8	static
/Volumes/Untitled/STM32CubeIDE/workspace/BLE_p2pServer/Core/Src/stm32wbaxx_hal_msp.c:215:6:HAL_RAMCFG_MspDeInit	0	static
/Volumes/Untitled/STM32CubeIDE/workspace/BLE_p2pServer/Core/Src/stm32wbaxx_hal_msp.c:234:6:HAL_RNG_MspInit	80	static
/Volumes/Untitled/STM32CubeIDE/workspace/BLE_p2pServer/Core/Src/stm32wbaxx_hal_msp.c:270:6:HAL_RNG_MspDeInit	0	static
/Volumes/Untitled/STM32CubeIDE/workspace/BLE_p2pServer/Core/Src/stm32wbaxx_hal_msp.c:295:6:HAL_RTC_MspInit	80	static
/Volumes/Untitled/STM32CubeIDE/workspace/BLE_p2pServer/Core/Src/stm32wbaxx_hal_msp.c:331:6:HAL_RTC_MspDeInit	0	static
/Volumes/Untitled/STM32CubeIDE/workspace/BLE_p2pServer/Core/Src/stm32wbaxx_hal_msp.c:356:6:HAL_TIM_PWM_MspInit	8	static
/Volumes/Untitled/STM32CubeIDE/workspace/BLE_p2pServer/Core/Src/stm32wbaxx_hal_msp.c:372:6:HAL_TIM_MspPostInit	32	static
/Volumes/Untitled/STM32CubeIDE/workspace/BLE_p2pServer/Core/Src/stm32wbaxx_hal_msp.c:404:6:HAL_TIM_PWM_MspDeInit	0	static
/Volumes/Untitled/STM32CubeIDE/workspace/BLE_p2pServer/Core/Src/stm32wbaxx_hal_msp.c:426:6:HAL_UART_MspInit	120	static
/Volumes/Untitled/STM32CubeIDE/workspace/BLE_p2pServer/Core/Src/stm32wbaxx_hal_msp.c:539:6:HAL_UART_MspDeInit	8	static
