/Volumes/Untitled/STM32CubeIDE/workspace/BLE_p2pServer/Core/Src/stm32wbaxx_it.c:83:6:NMI_Handler	0	static
/Volumes/Untitled/STM32CubeIDE/workspace/BLE_p2pServer/Core/Src/stm32wbaxx_it.c:98:6:HardFault_Handler	0	static
/Volumes/Untitled/STM32CubeIDE/workspace/BLE_p2pServer/Core/Src/stm32wbaxx_it.c:113:6:MemManage_Handler	0	static
/Volumes/Untitled/STM32CubeIDE/workspace/BLE_p2pServer/Core/Src/stm32wbaxx_it.c:128:6:BusFault_Handler	0	static
/Volumes/Untitled/STM32CubeIDE/workspace/BLE_p2pServer/Core/Src/stm32wbaxx_it.c:143:6:UsageFault_Handler	0	static
/Volumes/Untitled/STM32CubeIDE/workspace/BLE_p2pServer/Core/Src/stm32wbaxx_it.c:158:6:SVC_Handler	0	static
/Volumes/Untitled/STM32CubeIDE/workspace/BLE_p2pServer/Core/Src/stm32wbaxx_it.c:171:6:DebugMon_Handler	0	static
/Volumes/Untitled/STM32CubeIDE/workspace/BLE_p2pServer/Core/Src/stm32wbaxx_it.c:184:6:PendSV_Handler	0	static
/Volumes/Untitled/STM32CubeIDE/workspace/BLE_p2pServer/Core/Src/stm32wbaxx_it.c:197:6:SysTick_Handler	0	static
/Volumes/Untitled/STM32CubeIDE/workspace/BLE_p2pServer/Core/Src/stm32wbaxx_it.c:218:6:RTC_IRQHandler	0	static
/Volumes/Untitled/STM32CubeIDE/workspace/BLE_p2pServer/Core/Src/stm32wbaxx_it.c:232:6:RCC_IRQHandler	0	static
/Volumes/Untitled/STM32CubeIDE/workspace/BLE_p2pServer/Core/Src/stm32wbaxx_it.c:256:6:EXTI6_IRQHandler	8	static
/Volumes/Untitled/STM32CubeIDE/workspace/BLE_p2pServer/Core/Src/stm32wbaxx_it.c:270:6:EXTI7_IRQHandler	8	static
/Volumes/Untitled/STM32CubeIDE/workspace/BLE_p2pServer/Core/Src/stm32wbaxx_it.c:284:6:EXTI13_IRQHandler	8	static
/Volumes/Untitled/STM32CubeIDE/workspace/BLE_p2pServer/Core/Src/stm32wbaxx_it.c:298:6:GPDMA1_Channel0_IRQHandler	0	static
/Volumes/Untitled/STM32CubeIDE/workspace/BLE_p2pServer/Core/Src/stm32wbaxx_it.c:312:6:GPDMA1_Channel1_IRQHandler	0	static
/Volumes/Untitled/STM32CubeIDE/workspace/BLE_p2pServer/Core/Src/stm32wbaxx_it.c:326:6:USART1_IRQHandler	0	static
/Volumes/Untitled/STM32CubeIDE/workspace/BLE_p2pServer/Core/Src/stm32wbaxx_it.c:340:6:RNG_IRQHandler	0	static
/Volumes/Untitled/STM32CubeIDE/workspace/BLE_p2pServer/Core/Src/stm32wbaxx_it.c:354:6:RADIO_IRQHandler	8	static,ignoring_inline_asm
/Volumes/Untitled/STM32CubeIDE/workspace/BLE_p2pServer/Core/Src/stm32wbaxx_it.c:378:6:HASH_IRQHandler	8	static,ignoring_inline_asm
