/Volumes/Untitled/STM32CubeIDE/workspace/BLE_p2pServer/Core/Src/stm32wbaxx_hal_msp.c:66:6:HAL_MspInit	16	static
/Volumes/Untitled/STM32CubeIDE/workspace/BLE_p2pServer/Core/Src/stm32wbaxx_hal_msp.c:95:6:HAL_ADC_MspInit	80	static
/Volumes/Untitled/STM32CubeIDE/workspace/BLE_p2pServer/Core/Src/stm32wbaxx_hal_msp.c:128:6:HAL_ADC_MspDeInit	0	static
/Volumes/Untitled/STM32CubeIDE/workspace/BLE_p2pServer/Core/Src/stm32wbaxx_hal_msp.c:150:6:HAL_CRC_MspInit	8	static
/Volumes/Untitled/STM32CubeIDE/workspace/BLE_p2pServer/Core/Src/stm32wbaxx_hal_msp.c:172:6:HAL_CRC_MspDeInit	0	static
/Volumes/Untitled/STM32CubeIDE/workspace/BLE_p2pServer/Core/Src/stm32wbaxx_hal_msp.c:194:6:HAL_RAMCFG_MspInit	8	static
/Volumes/Untitled/STM32CubeIDE/workspace/BLE_p2pServer/Core/Src/stm32wbaxx_hal_msp.c:213:6:HAL_RAMCFG_MspDeInit	0	static
/Volumes/Untitled/STM32CubeIDE/workspace/BLE_p2pServer/Core/Src/stm32wbaxx_hal_msp.c:232:6:HAL_RNG_MspInit	80	static
/Volumes/Untitled/STM32CubeIDE/workspace/BLE_p2pServer/Core/Src/stm32wbaxx_hal_msp.c:268:6:HAL_RNG_MspDeInit	0	static
/Volumes/Untitled/STM32CubeIDE/workspace/BLE_p2pServer/Core/Src/stm32wbaxx_hal_msp.c:293:6:HAL_RTC_MspInit	80	static
/Volumes/Untitled/STM32CubeIDE/workspace/BLE_p2pServer/Core/Src/stm32wbaxx_hal_msp.c:329:6:HAL_RTC_MspDeInit	0	static
/Volumes/Untitled/STM32CubeIDE/workspace/BLE_p2pServer/Core/Src/stm32wbaxx_hal_msp.c:354:6:HAL_UART_MspInit	120	static
/Volumes/Untitled/STM32CubeIDE/workspace/BLE_p2pServer/Core/Src/stm32wbaxx_hal_msp.c:467:6:HAL_UART_MspDeInit	8	static
