/Volumes/Untitled/STM32CubeIDE/workspace/BLE_p2pServer/Drivers/BSP/STM32WBAxx_Nucleo/stm32wbaxx_nucleo.c:677:13:UART_MspInit	40	static
/Volumes/Untitled/STM32CubeIDE/workspace/BLE_p2pServer/Drivers/BSP/STM32WBAxx_Nucleo/stm32wbaxx_nucleo.c:708:13:UART_MspDeInit	8	static
/Volumes/Untitled/STM32CubeIDE/workspace/BLE_p2pServer/Drivers/BSP/STM32WBAxx_Nucleo/stm32wbaxx_nucleo.c:115:9:BSP_GetVersion	0	static
/Volumes/Untitled/STM32CubeIDE/workspace/BLE_p2pServer/Drivers/BSP/STM32WBAxx_Nucleo/stm32wbaxx_nucleo.c:124:16:BSP_GetBoardName	0	static
/Volumes/Untitled/STM32CubeIDE/workspace/BLE_p2pServer/Drivers/BSP/STM32WBAxx_Nucleo/stm32wbaxx_nucleo.c:133:16:BSP_GetBoardID	0	static
/Volumes/Untitled/STM32CubeIDE/workspace/BLE_p2pServer/Drivers/BSP/STM32WBAxx_Nucleo/stm32wbaxx_nucleo.c:151:9:BSP_LED_Init	56	static
/Volumes/Untitled/STM32CubeIDE/workspace/BLE_p2pServer/Drivers/BSP/STM32WBAxx_Nucleo/stm32wbaxx_nucleo.c:191:9:BSP_LED_DeInit	16	static
/Volumes/Untitled/STM32CubeIDE/workspace/BLE_p2pServer/Drivers/BSP/STM32WBAxx_Nucleo/stm32wbaxx_nucleo.c:213:9:BSP_LED_On	8	static
/Volumes/Untitled/STM32CubeIDE/workspace/BLE_p2pServer/Drivers/BSP/STM32WBAxx_Nucleo/stm32wbaxx_nucleo.c:229:9:BSP_LED_Off	8	static
/Volumes/Untitled/STM32CubeIDE/workspace/BLE_p2pServer/Drivers/BSP/STM32WBAxx_Nucleo/stm32wbaxx_nucleo.c:245:9:BSP_LED_Toggle	8	static
/Volumes/Untitled/STM32CubeIDE/workspace/BLE_p2pServer/Drivers/BSP/STM32WBAxx_Nucleo/stm32wbaxx_nucleo.c:260:9:BSP_LED_GetState	8	static
/Volumes/Untitled/STM32CubeIDE/workspace/BLE_p2pServer/Drivers/BSP/STM32WBAxx_Nucleo/stm32wbaxx_nucleo.c:291:9:BSP_PB_Init	104	static
/Volumes/Untitled/STM32CubeIDE/workspace/BLE_p2pServer/Drivers/BSP/STM32WBAxx_Nucleo/stm32wbaxx_nucleo.c:366:9:BSP_PB_DeInit	16	static
/Volumes/Untitled/STM32CubeIDE/workspace/BLE_p2pServer/Drivers/BSP/STM32WBAxx_Nucleo/stm32wbaxx_nucleo.c:386:9:BSP_PB_GetState	8	static
/Volumes/Untitled/STM32CubeIDE/workspace/BLE_p2pServer/Drivers/BSP/STM32WBAxx_Nucleo/stm32wbaxx_nucleo.c:404:13:BSP_PB_Callback	0	static
/Volumes/Untitled/STM32CubeIDE/workspace/BLE_p2pServer/Drivers/BSP/STM32WBAxx_Nucleo/stm32wbaxx_nucleo.c:666:13:B3_EXTI_Callback	8	static
/Volumes/Untitled/STM32CubeIDE/workspace/BLE_p2pServer/Drivers/BSP/STM32WBAxx_Nucleo/stm32wbaxx_nucleo.c:657:13:B2_EXTI_Callback	8	static
/Volumes/Untitled/STM32CubeIDE/workspace/BLE_p2pServer/Drivers/BSP/STM32WBAxx_Nucleo/stm32wbaxx_nucleo.c:648:13:B1_EXTI_Callback	8	static
/Volumes/Untitled/STM32CubeIDE/workspace/BLE_p2pServer/Drivers/BSP/STM32WBAxx_Nucleo/stm32wbaxx_nucleo.c:422:6:BSP_PB_IRQHandler	0	static
/Volumes/Untitled/STM32CubeIDE/workspace/BLE_p2pServer/Drivers/BSP/STM32WBAxx_Nucleo/stm32wbaxx_nucleo.c:488:9:BSP_COM_DeInit	8	static
/Volumes/Untitled/STM32CubeIDE/workspace/BLE_p2pServer/Drivers/BSP/STM32WBAxx_Nucleo/stm32wbaxx_nucleo.c:552:9:BSP_COM_RegisterDefaultMspCallbacks	16	static
/Volumes/Untitled/STM32CubeIDE/workspace/BLE_p2pServer/Drivers/BSP/STM32WBAxx_Nucleo/stm32wbaxx_nucleo.c:580:9:BSP_COM_RegisterMspCallbacks	16	static
/Volumes/Untitled/STM32CubeIDE/workspace/BLE_p2pServer/Drivers/BSP/STM32WBAxx_Nucleo/stm32wbaxx_nucleo.c:615:26:MX_USART1_Init	0	static
/Volumes/Untitled/STM32CubeIDE/workspace/BLE_p2pServer/Drivers/BSP/STM32WBAxx_Nucleo/stm32wbaxx_nucleo.c:444:9:BSP_COM_Init	16	static
